// Jest Snapshot v1, https://goo.gl/fbAQLP

exports[`<Salary /> renders correctly 1`] = `
<span
  className="sc-gtssRu ibqKak"
>
  10000 - 20000 PLN
</span>
`;
