// Jest Snapshot v1, https://goo.gl/fbAQLP

exports[`<LogoCompany /> renders correctly 1`] = `
<img
  class="sc-bdnylx bcpkxf"
  src="urlSrc"
/>
`;
