// Jest Snapshot v1, https://goo.gl/fbAQLP

exports[`<CategoryButton /> render correctly 1`] = `
.c0 {
  background: #fff;
  color: #777;
  min-width: 40px;
  cursor: pointer;
  margin-right: 15px;
  font-family: inherit;
  padding: 0 12px;
  box-shadow: none;
  text-transform: none;
  height: 35px;
  line-height: 35px;
  font-size: 12.6px;
  border-radius: 20px;
  text-align: center;
  display: -webkit-box;
  display: -webkit-flex;
  display: -ms-flexbox;
  display: flex;
  position: relative;
  -webkit-text-decoration: none;
  text-decoration: none;
  -webkit-letter-spacing: 0.5px;
  -moz-letter-spacing: 0.5px;
  -ms-letter-spacing: 0.5px;
  letter-spacing: 0.5px;
  outline: 0;
  border: none;
}

.c0:hover {
  background-color: rgba(255,255,255,0.08);
  box-shadow: 0 2px 2px 0 rgba(0,0,0,0.14),0 1px 5px 0 rgba(0,0,0,0.12), 0 3px 1px -2px rgba(0,0,0,0.2);
}

<button
  class="c0"
>
  text
</button>
`;
