// Jest Snapshot v1, https://goo.gl/fbAQLP

exports[`<SelectButton /> render correctly 1`] = `
.c0 {
  display: inherit;
  color: #37474f;
  background: #fff;
  cursor: pointer;
  font-size: 18px;
  border-radius: 3px;
  padding: 15px;
  border: 0;
  outline: 0;
  -webkit-appearance: none;
  width: 100%;
  height: 100%;
}

<select
  class="c0"
>
  <option>
    1
  </option>
  <option>
    2
  </option>
</select>
`;
