// Jest Snapshot v1, https://goo.gl/fbAQLP

exports[`<LinearBackground /> render correctly 1`] = `
<div
  class="sc-bdnylx jpNXAy"
/>
`;
