// Jest Snapshot v1, https://goo.gl/fbAQLP

exports[`<OfferDetails /> render correctly 1`] = `
<div
  class="sc-eCApGN fOsrME"
>
  <div
    class="sc-jSFkmK iAzcCZ"
  >
    <div
      class="sc-bdnylx jpNXAy"
    />
    <a
      class="sc-iCoHVE hcwDGp"
    >
      <div
        class="sc-gKAblj fXMzXJ"
      >
        <img
          class="sc-gtssRu dflBGq"
          src="logoSrc"
        />
      </div>
      <div
        class="sc-fujyUd gwQUaz"
      >
        <div
          class="sc-pNWxx flpjmn"
        >
          <span
            class="sc-bqGHjH hkDKqO"
          >
            Job Title
          </span>
          <div
            class="sc-jrsJCI eqPDCX"
          >
            <span
              class="sc-hKFyIo bEfZPG"
            >
              1000 - 2000 PLN
            </span>
            <div
              class="sc-crzoUp jOmbSh"
            />
            <span
              class="sc-fFSRdu dJJkKY"
            >
              New
            </span>
          </div>
        </div>
        <div
          class="sc-kEqYlL fACiCd"
        >
          <svg
            aria-hidden="true"
            class="MuiSvgIcon-root MuiSvgIcon-root sc-hBMVcZ kHjMiS"
            focusable="false"
            viewBox="0 0 24 24"
          >
            <path
              d="M12 7V3H2v18h20V7H12zM6 19H4v-2h2v2zm0-4H4v-2h2v2zm0-4H4V9h2v2zm0-4H4V5h2v2zm4 12H8v-2h2v2zm0-4H8v-2h2v2zm0-4H8V9h2v2zm0-4H8V5h2v2zm10 12h-8v-2h2v-2h-2v-2h2v-2h-2V9h8v10zm-2-8h-2v2h2v-2zm0 4h-2v2h2v-2z"
            />
          </svg>
          <span
            class="sc-ksluoS czSlKN"
          >
            company
          </span>
          <div
            class="sc-iqAbSa kVdBPr"
          />
          <svg
            aria-hidden="true"
            class="MuiSvgIcon-root MuiSvgIcon-root sc-hBMVcZ kHjMiS"
            focusable="false"
            viewBox="0 0 24 24"
          >
            <path
              d="M12 2C8.13 2 5 5.13 5 9c0 5.25 7 13 7 13s7-7.75 7-13c0-3.87-3.13-7-7-7zm0 9.5c-1.38 0-2.5-1.12-2.5-2.5s1.12-2.5 2.5-2.5 2.5 1.12 2.5 2.5-1.12 2.5-2.5 2.5z"
            />
          </svg>
          <span
            class="sc-ksluoS czSlKN"
          >
            address
          </span>
          <div
            class="sc-dIsAE iUivZL"
          >
            <span
              class="sc-fnVYJo iyZRAM"
            >
              html
            </span>
            <span
              class="sc-fnVYJo iyZRAM"
            >
              css
            </span>
            <span
              class="sc-fnVYJo iyZRAM"
            >
              js
            </span>
          </div>
        </div>
      </div>
    </a>
  </div>
</div>
`;
