// Jest Snapshot v1, https://goo.gl/fbAQLP

exports[`<DropDownList /> render correcly 1`] = `
.c1 {
  display: -webkit-box;
  display: -webkit-flex;
  display: -ms-flexbox;
  display: flex;
  -webkit-box-pack: center;
  -webkit-justify-content: center;
  -ms-flex-pack: center;
  justify-content: center;
  -webkit-align-items: center;
  -webkit-box-align: center;
  -ms-flex-align: center;
  align-items: center;
  -webkit-flex-basis: 35px;
  -ms-flex-preferred-size: 35px;
  flex-basis: 35px;
  height: 35px;
}

.c2 {
  display: block;
}

.c0 {
  position: relative;
}

<div
  class="c0"
>
  <div
    class="c1"
  >
    <button
      class="MuiButtonBase-root MuiIconButton-root MuiIconButton-sizeSmall"
      tabindex="0"
      type="button"
    >
      <span
        class="MuiIconButton-label"
      >
        <svg
          aria-hidden="true"
          class="MuiSvgIcon-root c2"
          focusable="false"
          viewBox="0 0 24 24"
        >
          <path
            d="M6 10c-1.1 0-2 .9-2 2s.9 2 2 2 2-.9 2-2-.9-2-2-2zm12 0c-1.1 0-2 .9-2 2s.9 2 2 2 2-.9 2-2-.9-2-2-2zm-6 0c-1.1 0-2 .9-2 2s.9 2 2 2 2-.9 2-2-.9-2-2-2z"
          />
        </svg>
      </span>
      <span
        class="MuiTouchRipple-root"
      />
    </button>
  </div>
</div>
`;
