// Jest Snapshot v1, https://goo.gl/fbAQLP

exports[`<TileRoundedEdges /> render correctly 1`] = `
<span
  class="sc-bdnylx gXaVhD"
>
  html
</span>
`;
